render pod annotations:
  1: |
    checksum/config: 27c6cde5ca265fc73187297fb82674d8ec1234d8bdb247e79be8a846a222487f
    fixed-annotation: some-fixed-annotation
    templated-annotations: my-release
